stm32 f103c6_USART_driver.c:34:6:MCAL_UART_INIT	24	static
stm32 f103c6_USART_driver.c:118:6:MCAL_UART_DeINIT	16	static
stm32 f103c6_USART_driver.c:146:6:MCAL_UART_GPIO_Set_Pins	24	static
stm32 f103c6_USART_driver.c:268:6:MCAL_UART_SEND_DATA	24	static
stm32 f103c6_USART_driver.c:303:6:MCAL_UART_RECEIVE_DATA	24	static
stm32 f103c6_USART_driver.c:343:6:MCAL_UART_WAIT_TC	16	static
stm32 f103c6_USART_driver.c:351:6:USART1_IRQHandler	8	static
stm32 f103c6_USART_driver.c:356:6:USART2_IRQHandler	8	static
stm32 f103c6_USART_driver.c:361:6:USART3_IRQHandler	8	static
