stm32 f103c6_EXTI_driver.c:37:6:ENABLE_NVIC	16	static
stm32 f103c6_EXTI_driver.c:66:6:DISABLE_NVIC	16	static
stm32 f103c6_EXTI_driver.c:95:6:updata_EXTI	24	static
stm32 f103c6_EXTI_driver.c:158:6:MCAL_EXTI_GPIO_INIT	16	static
stm32 f103c6_EXTI_driver.c:173:6:MCAL_EXTI_GPIO_DEINIT	4	static
stm32 f103c6_EXTI_driver.c:197:6:MCAL_EXTI_GPIO_UPDATE	16	static
stm32 f103c6_EXTI_driver.c:208:6:EXTI0_IRQHandler	8	static
stm32 f103c6_EXTI_driver.c:215:6:EXTI1_IRQHandler	8	static
stm32 f103c6_EXTI_driver.c:223:6:EXTI2_IRQHandler	8	static
stm32 f103c6_EXTI_driver.c:230:6:EXTI3_IRQHandler	8	static
stm32 f103c6_EXTI_driver.c:237:6:EXTI4_IRQHandler	8	static
stm32 f103c6_EXTI_driver.c:244:6:EXTI9_5_IRQHandler	8	static
stm32 f103c6_EXTI_driver.c:254:6:EXTI15_10_IRQHandler	8	static
