Archive member included to satisfy reference by file (symbol)

c:/st/stm32cubeide_1.4.0/stm32cubeide/plugins/com.st.stm32cube.ide.mcu.externaltools.gnu-tools-for-stm32.7-2018-q2-update.win32_1.4.0.202007081208/tools/bin/../lib/gcc/arm-none-eabi/7.3.1/../../../../arm-none-eabi/lib/thumb/v7-m\libc_nano.a(lib_a-errno.o)
                              Src/syscalls.o (__errno)
c:/st/stm32cubeide_1.4.0/stm32cubeide/plugins/com.st.stm32cube.ide.mcu.externaltools.gnu-tools-for-stm32.7-2018-q2-update.win32_1.4.0.202007081208/tools/bin/../lib/gcc/arm-none-eabi/7.3.1/../../../../arm-none-eabi/lib/thumb/v7-m\libc_nano.a(lib_a-exit.o)
                              c:/st/stm32cubeide_1.4.0/stm32cubeide/plugins/com.st.stm32cube.ide.mcu.externaltools.gnu-tools-for-stm32.7-2018-q2-update.win32_1.4.0.202007081208/tools/bin/../lib/gcc/arm-none-eabi/7.3.1/../../../../arm-none-eabi/lib/thumb/v7-m/crt0.o (exit)
c:/st/stm32cubeide_1.4.0/stm32cubeide/plugins/com.st.stm32cube.ide.mcu.externaltools.gnu-tools-for-stm32.7-2018-q2-update.win32_1.4.0.202007081208/tools/bin/../lib/gcc/arm-none-eabi/7.3.1/../../../../arm-none-eabi/lib/thumb/v7-m\libc_nano.a(lib_a-impure.o)
                              c:/st/stm32cubeide_1.4.0/stm32cubeide/plugins/com.st.stm32cube.ide.mcu.externaltools.gnu-tools-for-stm32.7-2018-q2-update.win32_1.4.0.202007081208/tools/bin/../lib/gcc/arm-none-eabi/7.3.1/../../../../arm-none-eabi/lib/thumb/v7-m\libc_nano.a(lib_a-exit.o) (_global_impure_ptr)
c:/st/stm32cubeide_1.4.0/stm32cubeide/plugins/com.st.stm32cube.ide.mcu.externaltools.gnu-tools-for-stm32.7-2018-q2-update.win32_1.4.0.202007081208/tools/bin/../lib/gcc/arm-none-eabi/7.3.1/../../../../arm-none-eabi/lib/thumb/v7-m\libc_nano.a(lib_a-init.o)
                              c:/st/stm32cubeide_1.4.0/stm32cubeide/plugins/com.st.stm32cube.ide.mcu.externaltools.gnu-tools-for-stm32.7-2018-q2-update.win32_1.4.0.202007081208/tools/bin/../lib/gcc/arm-none-eabi/7.3.1/../../../../arm-none-eabi/lib/thumb/v7-m/crt0.o (__libc_init_array)
c:/st/stm32cubeide_1.4.0/stm32cubeide/plugins/com.st.stm32cube.ide.mcu.externaltools.gnu-tools-for-stm32.7-2018-q2-update.win32_1.4.0.202007081208/tools/bin/../lib/gcc/arm-none-eabi/7.3.1/../../../../arm-none-eabi/lib/thumb/v7-m\libc_nano.a(lib_a-memset.o)
                              c:/st/stm32cubeide_1.4.0/stm32cubeide/plugins/com.st.stm32cube.ide.mcu.externaltools.gnu-tools-for-stm32.7-2018-q2-update.win32_1.4.0.202007081208/tools/bin/../lib/gcc/arm-none-eabi/7.3.1/../../../../arm-none-eabi/lib/thumb/v7-m/crt0.o (memset)
c:/st/stm32cubeide_1.4.0/stm32cubeide/plugins/com.st.stm32cube.ide.mcu.externaltools.gnu-tools-for-stm32.7-2018-q2-update.win32_1.4.0.202007081208/tools/bin/../lib/gcc/arm-none-eabi/7.3.1/../../../../arm-none-eabi/lib/thumb/v7-m\libc_nano.a(lib_a-strcmp.o)
                              MY_RTOS/Scheduler.o (strcmp)

Allocating common symbols
Common symbol       size              file

task1led            0x1               Src/main.o
Global_SPI_Config2  0x18              Inc/stm32f103x8_SPI_Drver.o
Ready_Queue         0x14              MY_RTOS/Scheduler.o
task2led            0x1               Src/main.o
OS_Control          0x1ac             MY_RTOS/Scheduler.o
task1               0x44              Src/main.o
task2               0x44              Src/main.o
systickled          0x1               MY_RTOS/CortexMX_OS_Porting.o
Global_SPI_Config1  0x18              Inc/stm32f103x8_SPI_Drver.o
ideltaskled         0x1               MY_RTOS/Scheduler.o
IDLE_TASK           0x44              MY_RTOS/Scheduler.o
task3led            0x1               Src/main.o
task3               0x44              Src/main.o
GP_IRQ_CallBack     0x3c              Inc/stm32f103x8_EXTI_driver.o
Ready_Queue_FIFO    0x190             MY_RTOS/Scheduler.o

Discarded input sections

 .text          0x0000000000000000        0x0 c:/st/stm32cubeide_1.4.0/stm32cubeide/plugins/com.st.stm32cube.ide.mcu.externaltools.gnu-tools-for-stm32.7-2018-q2-update.win32_1.4.0.202007081208/tools/bin/../lib/gcc/arm-none-eabi/7.3.1/thumb/v7-m/crti.o
 .data          0x0000000000000000        0x0 c:/st/stm32cubeide_1.4.0/stm32cubeide/plugins/com.st.stm32cube.ide.mcu.externaltools.gnu-tools-for-stm32.7-2018-q2-update.win32_1.4.0.202007081208/tools/bin/../lib/gcc/arm-none-eabi/7.3.1/thumb/v7-m/crti.o
 .bss           0x0000000000000000        0x0 c:/st/stm32cubeide_1.4.0/stm32cubeide/plugins/com.st.stm32cube.ide.mcu.externaltools.gnu-tools-for-stm32.7-2018-q2-update.win32_1.4.0.202007081208/tools/bin/../lib/gcc/arm-none-eabi/7.3.1/thumb/v7-m/crti.o
 .data          0x0000000000000000        0x4 c:/st/stm32cubeide_1.4.0/stm32cubeide/plugins/com.st.stm32cube.ide.mcu.externaltools.gnu-tools-for-stm32.7-2018-q2-update.win32_1.4.0.202007081208/tools/bin/../lib/gcc/arm-none-eabi/7.3.1/thumb/v7-m/crtbegin.o
[...]
Memory Configuration

Name             Origin             Length             Attributes
RAM              0x0000000020000000 0x0000000000002800 xrw
ROM              0x0000000008000000 0x0000000000008000 xr
*default*        0x0000000000000000 0xffffffffffffffff

Linker script and memory map

LOAD c:/st/stm32cubeide_1.4.0/stm32cubeide/plugins/com.st.stm32cube.ide.mcu.externaltools.gnu-tools-for-stm32.7-2018-q2-update.win32_1.4.0.202007081208/tools/bin/../lib/gcc/arm-none-eabi/7.3.1/thumb/v7-m/crti.o
LOAD c:/st/stm32cubeide_1.4.0/stm32cubeide/plugins/com.st.stm32cube.ide.mcu.externaltools.gnu-tools-for-stm32.7-2018-q2-update.win32_1.4.0.202007081208/tools/bin/../lib/gcc/arm-none-eabi/7.3.1/thumb/v7-m/crtbegin.o
LOAD c:/st/stm32cubeide_1.4.0/stm32cubeide/plugins/com.st.stm32cube.ide.mcu.externaltools.gnu-tools-for-stm32.7-2018-q2-update.win32_1.4.0.202007081208/tools/bin/../lib/gcc/arm-none-eabi/7.3.1/../../../../arm-none-eabi/lib/thumb/v7-m/crt0.o
LOAD Inc/stm32f103x8_EXTI_driver.o
LOAD Inc/stm32f103x8_I2C_Drver.o
LOAD Inc/stm32f103x8_RCC_driver.o
LOAD Inc/stm32f103x8_SPI_Drver.o
LOAD Inc/stm32f103x8_USART_driver.o
LOAD Inc/stm32f103x8_gpio_driver.o
LOAD MY_RTOS/CortexMX_OS_Porting.o
LOAD MY_RTOS/MYRTOS_FIFO.o
LOAD MY_RTOS/Scheduler.o
LOAD Src/main.o
LOAD Src/syscalls.o
LOAD Src/sysmem.o
LOAD Startup/startup_stm32f103c6tx.o
START GROUP
LOAD c:/st/stm32cubeide_1.4.0/stm32cubeide/plugins/com.st.stm32cube.ide.mcu.externaltools.gnu-tools-for-stm32.7-2018-q2-update.win32_1.4.0.202007081208/tools/bin/../lib/gcc/arm-none-eabi/7.3.1/../../../../arm-none-eabi/lib/thumb/v7-m\libc_nano.a
LOAD c:/st/stm32cubeide_1.4.0/stm32cubeide/plugins/com.st.stm32cube.ide.mcu.externaltools.gnu-tools-for-stm32.7-2018-q2-update.win32_1.4.0.202007081208/tools/bin/../lib/gcc/arm-none-eabi/7.3.1/../../../../arm-none-eabi/lib/thumb/v7-m\libm.a
END GROUP
START GROUP
LOAD c:/st/stm32cubeide_1.4.0/stm32cubeide/plugins/com.st.stm32cube.ide.mcu.externaltools.gnu-tools-for-stm32.7-2018-q2-update.win32_1.4.0.202007081208/tools/bin/../lib/gcc/arm-none-eabi/7.3.1/thumb/v7-m\libgcc.a
LOAD c:/st/stm32cubeide_1.4.0/stm32cubeide/plugins/com.st.stm32cube.ide.mcu.externaltools.gnu-tools-for-stm32.7-2018-q2-update.win32_1.4.0.202007081208/tools/bin/../lib/gcc/arm-none-eabi/7.3.1/../../../../arm-none-eabi/lib/thumb/v7-m\libc_nano.a
END GROUP
START GROUP
LOAD c:/st/stm32cubeide_1.4.0/stm32cubeide/plugins/com.st.stm32cube.ide.mcu.externaltools.gnu-tools-for-stm32.7-2018-q2-update.win32_1.4.0.202007081208/tools/bin/../lib/gcc/arm-none-eabi/7.3.1/thumb/v7-m\libgcc.a
LOAD c:/st/stm32cubeide_1.4.0/stm32cubeide/plugins/com.st.stm32cube.ide.mcu.externaltools.gnu-tools-for-stm32.7-2018-q2-update.win32_1.4.0.202007081208/tools/bin/../lib/gcc/arm-none-eabi/7.3.1/../../../../arm-none-eabi/lib/thumb/v7-m\libc_nano.a
LOAD c:/st/stm32cubeide_1.4.0/stm32cubeide/plugins/com.st.stm32cube.ide.mcu.externaltools.gnu-tools-for-stm32.7-2018-q2-update.win32_1.4.0.202007081208/tools/bin/../lib/gcc/arm-none-eabi/7.3.1/../../../../arm-none-eabi/lib/thumb/v7-m\libnosys.a
END GROUP
START GROUP
LOAD c:/st/stm32cubeide_1.4.0/stm32cubeide/plugins/com.st.stm32cube.ide.mcu.externaltools.gnu-tools-for-stm32.7-2018-q2-update.win32_1.4.0.202007081208/tools/bin/../lib/gcc/arm-none-eabi/7.3.1/thumb/v7-m\libgcc.a
LOAD c:/st/stm32cubeide_1.4.0/stm32cubeide/plugins/com.st.stm32cube.ide.mcu.externaltools.gnu-tools-for-stm32.7-2018-q2-update.win32_1.4.0.202007081208/tools/bin/../lib/gcc/arm-none-eabi/7.3.1/../../../../arm-none-eabi/lib/thumb/v7-m\libc_nano.a
LOAD c:/st/stm32cubeide_1.4.0/stm32cubeide/plugins/com.st.stm32cube.ide.mcu.externaltools.gnu-tools-for-stm32.7-2018-q2-update.win32_1.4.0.202007081208/tools/bin/../lib/gcc/arm-none-eabi/7.3.1/../../../../arm-none-eabi/lib/thumb/v7-m\libnosys.a
END GROUP
LOAD c:/st/stm32cubeide_1.4.0/stm32cubeide/plugins/com.st.stm32cube.ide.mcu.externaltools.gnu-tools-for-stm32.7-2018-q2-update.win32_1.4.0.202007081208/tools/bin/../lib/gcc/arm-none-eabi/7.3.1/thumb/v7-m/crtend.o
LOAD c:/st/stm32cubeide_1.4.0/stm32cubeide/plugins/com.st.stm32cube.ide.mcu.externaltools.gnu-tools-for-stm32.7-2018-q2-update.win32_1.4.0.202007081208/tools/bin/../lib/gcc/arm-none-eabi/7.3.1/thumb/v7-m/crtn.o
                0x0000000020002800                _estack = (ORIGIN (RAM) + LENGTH (RAM))
                0x0000000000000200                _Min_Heap_Size = 0x200
                0x0000000000000400                _Min_Stack_Size = 0x400

.isr_vector     0x0000000008000000      0x130
                0x0000000008000000                . = ALIGN (0x4)
 *(.isr_vector)
 .isr_vector    0x0000000008000000      0x130 Startup/startup_stm32f103c6tx.o
                0x0000000008000000                g_pfnVectors
                0x0000000008000130                . = ALIGN (0x4)

.text           0x0000000008000130     0x104c
                0x0000000008000130                . = ALIGN (0x4)
 *(.text)
 .text          0x0000000008000130       0x40 c:/st/stm32cubeide_1.4.0/stm32cubeide/plugins/com.st.stm32cube.ide.mcu.externaltools.gnu-tools-for-stm32.7-2018-q2-update.win32_1.4.0.202007081208/tools/bin/../lib/gcc/arm-none-eabi/7.3.1/thumb/v7-m/crtbegin.o
 .text          0x0000000008000170       0x14 c:/st/stm32cubeide_1.4.0/stm32cubeide/plugins/com.st.stm32cube.ide.mcu.externaltools.gnu-tools-for-stm32.7-2018-q2-update.win32_1.4.0.202007081208/tools/bin/../lib/gcc/arm-none-eabi/7.3.1/../../../../arm-none-eabi/lib/thumb/v7-m\libc_nano.a(lib_a-strcmp.o)
                0x0000000008000170                strcmp
 *(.text*)
 .text.EXTI0_IRQHandler
                0x0000000008000184       0x24 Inc/stm32f103x8_EXTI_driver.o
                0x0000000008000184                EXTI0_IRQHandler
 .text.EXTI1_IRQHandler
                0x00000000080001a8       0x24 Inc/stm32f103x8_EXTI_driver.o
                0x00000000080001a8                EXTI1_IRQHandler
 .text.EXTI2_IRQHandler
                0x00000000080001cc       0x24 Inc/stm32f103x8_EXTI_driver.o
                0x00000000080001cc                EXTI2_IRQHandler
 .text.EXTI3_IRQHandler
                0x00000000080001f0       0x24 Inc/stm32f103x8_EXTI_driver.o
                0x00000000080001f0                EXTI3_IRQHandler
 .text.EXTI4_IRQHandler
                0x0000000008000214       0x24 Inc/stm32f103x8_EXTI_driver.o
                0x0000000008000214                EXTI4_IRQHandler
 .text.EXTI9_5_IRQHandler
                0x0000000008000238       0xa8 Inc/stm32f103x8_EXTI_driver.o
                0x0000000008000238                EXTI9_5_IRQHandler
 .text.EXTI15_10_IRQHandler
                0x00000000080002e0       0xc4 Inc/stm32f103x8_EXTI_driver.o
                0x00000000080002e0                EXTI15_10_IRQHandler
 .text.I2C1_ER_IRQHandler
                0x00000000080003a4        0xc Inc/stm32f103x8_I2C_Drver.o
                0x00000000080003a4                I2C1_ER_IRQHandler
 .text.I2C1_EV_IRQHandler
                0x00000000080003b0       0xec Inc/stm32f103x8_I2C_Drver.o
                0x00000000080003b0                I2C1_EV_IRQHandler
 .text.Slave_States
                0x000000000800049c       0xe0 Inc/stm32f103x8_I2C_Drver.o
                0x000000000800049c                Slave_States
 .text.I2C2_ER_IRQHandler
                0x000000000800057c        0xc Inc/stm32f103x8_I2C_Drver.o
                0x000000000800057c                I2C2_ER_IRQHandler
 .text.I2C2_EV_IRQHandler
                0x0000000008000588        0xc Inc/stm32f103x8_I2C_Drver.o
                0x0000000008000588                I2C2_EV_IRQHandler
 .text.SPI1_IRQHandler
                0x0000000008000594       0x5c Inc/stm32f103x8_SPI_Drver.o
                0x0000000008000594                SPI1_IRQHandler
 .text.SPI2_IRQHandler
                0x00000000080005f0       0x5c Inc/stm32f103x8_SPI_Drver.o
                0x00000000080005f0                SPI2_IRQHandler
 .text.USART1_IRQHandler
                0x000000000800064c       0x14 Inc/stm32f103x8_USART_driver.o
                0x000000000800064c                USART1_IRQHandler
 .text.USART2_IRQHandler
                0x0000000008000660       0x14 Inc/stm32f103x8_USART_driver.o
                0x0000000008000660                USART2_IRQHandler
 .text.USART3_IRQHandler
                0x0000000008000674       0x14 Inc/stm32f103x8_USART_driver.o
                0x0000000008000674                USART3_IRQHandler
 .text.__NVIC_SetPriority
                0x0000000008000688       0x54 MY_RTOS/CortexMX_OS_Porting.o
 .text.SysTick_Config
                0x00000000080006dc       0x44 MY_RTOS/CortexMX_OS_Porting.o
 .text.HardFault_Handler
                0x0000000008000720        0x6 MY_RTOS/CortexMX_OS_Porting.o
                0x0000000008000720                HardFault_Handler
 .text.MemManage_Handler
                0x0000000008000726        0x6 MY_RTOS/CortexMX_OS_Porting.o
                0x0000000008000726                MemManage_Handler
 .text.BusFault_Handler
                0x000000000800072c        0x6 MY_RTOS/CortexMX_OS_Porting.o
                0x000000000800072c                BusFault_Handler
 .text.UsageFault_Handler
                0x0000000008000732        0x6 MY_RTOS/CortexMX_OS_Porting.o
                0x0000000008000732                UsageFault_Handler
 .text.SVC_Handler
                0x0000000008000738       0x14 MY_RTOS/CortexMX_OS_Porting.o
                0x0000000008000738                SVC_Handler
 .text.hw_init  0x000000000800074c       0x12 MY_RTOS/CortexMX_OS_Porting.o
                0x000000000800074c                hw_init
 *fill*         0x000000000800075e        0x2 
 .text.trigger_os_pendsv
                0x0000000008000760       0x1c MY_RTOS/CortexMX_OS_Porting.o
                0x0000000008000760                trigger_os_pendsv
 .text.Start_Ticker
                0x000000000800077c       0x10 MY_RTOS/CortexMX_OS_Porting.o
                0x000000000800077c                Start_Ticker
 .text.SysTick_Handler
                0x000000000800078c       0x24 MY_RTOS/CortexMX_OS_Porting.o
                0x000000000800078c                SysTick_Handler
 .text.FIFO_init
                0x00000000080007b0       0x44 MY_RTOS/MYRTOS_FIFO.o
                0x00000000080007b0                FIFO_init
 .text.FIFO_enqueue
                0x00000000080007f4       0x84 MY_RTOS/MYRTOS_FIFO.o
                0x00000000080007f4                FIFO_enqueue
 .text.FIFO_dequeue
                0x0000000008000878       0x7a MY_RTOS/MYRTOS_FIFO.o
                0x0000000008000878                FIFO_dequeue
 *fill*         0x00000000080008f2        0x2 
 .text.PendSV_Handler
                0x00000000080008f4      0x1b8 MY_RTOS/Scheduler.o
                0x00000000080008f4                PendSV_Handler
 .text.MYRTOS_Create_MainStack
                0x0000000008000aac       0x3c MY_RTOS/Scheduler.o
                0x0000000008000aac                MYRTOS_Create_MainStack
 .text.IDLE_Task
                0x0000000008000ae8       0x1c MY_RTOS/Scheduler.o
                0x0000000008000ae8                IDLE_Task
 .text.MYRTOS_init
                0x0000000008000b04       0x80 MY_RTOS/Scheduler.o
                0x0000000008000b04                MYRTOS_init
 .text.MYRTOS_Create_stackoftask
                0x0000000008000b84       0x7c MY_RTOS/Scheduler.o
                0x0000000008000b84                MYRTOS_Create_stackoftask
 .text.MYRTOS_Create_Task
                0x0000000008000c00       0x7c MY_RTOS/Scheduler.o
                0x0000000008000c00                MYRTOS_Create_Task
 .text.bubbleSort
                0x0000000008000c7c       0x90 MY_RTOS/Scheduler.o
                0x0000000008000c7c                bubbleSort
 .text.MYRTOS_Updata_schad_table
                0x0000000008000d0c       0xd0 MY_RTOS/Scheduler.o
                0x0000000008000d0c                MYRTOS_Updata_schad_table
 .text.decide_whatnext
                0x0000000008000ddc       0xa4 MY_RTOS/Scheduler.o
                0x0000000008000ddc                decide_whatnext
 .text.OS_SVC_Service
                0x0000000008000e80       0x60 MY_RTOS/Scheduler.o
                0x0000000008000e80                OS_SVC_Service
 .text.MYRTOS_OS_SVC_Set
                0x0000000008000ee0       0x30 MY_RTOS/Scheduler.o
                0x0000000008000ee0                MYRTOS_OS_SVC_Set
 .text.MYRTOS_Activate_Task
                0x0000000008000f10       0x1e MY_RTOS/Scheduler.o
                0x0000000008000f10                MYRTOS_Activate_Task
 *fill*         0x0000000008000f2e        0x2 
 .text.MYRTOS_StartOS
                0x0000000008000f30       0x5c MY_RTOS/Scheduler.o
                0x0000000008000f30                MYRTOS_StartOS
 .text.task_1   0x0000000008000f8c       0x18 Src/main.o
                0x0000000008000f8c                task_1
 .text.task_2   0x0000000008000fa4       0x18 Src/main.o
                0x0000000008000fa4                task_2
 .text.task_3   0x0000000008000fbc       0x18 Src/main.o
                0x0000000008000fbc                task_3
 .text.main     0x0000000008000fd4       0xf4 Src/main.o
                0x0000000008000fd4                main
 .text.Reset_Handler
                0x00000000080010c8       0x50 Startup/startup_stm32f103c6tx.o
                0x00000000080010c8                Reset_Handler
 .text.Default_Handler
                0x0000000008001118        0x2 Startup/startup_stm32f103c6tx.o
                0x0000000008001118                TIM8_TRG_COM_IRQHandler
                0x0000000008001118                TIM8_CC_IRQHandler
                0x0000000008001118                DebugMon_Handler
                0x0000000008001118                TIM1_CC_IRQHandler
                0x0000000008001118                TIM6_IRQHandler
                0x0000000008001118                PVD_IRQHandler
                0x0000000008001118                SDIO_IRQHandler
                0x0000000008001118                NMI_Handler
                0x0000000008001118                USB_HP_CAN_TX_IRQHandler
                0x0000000008001118                ADC1_2_IRQHandler
                0x0000000008001118                CAN_SCE_IRQHandler
                0x0000000008001118                TAMPER_IRQHandler
                0x0000000008001118                TIM8_UP_IRQHandler
                0x0000000008001118                DMA2_Channel2_IRQHandler
                0x0000000008001118                DMA1_Channel4_IRQHandler
                0x0000000008001118                RTC_IRQHandler
                0x0000000008001118                DMA1_Channel7_IRQHandler
                0x0000000008001118                UART5_IRQHandler
                0x0000000008001118                ADC3_IRQHandler
                0x0000000008001118                TIM4_IRQHandler
                0x0000000008001118                CAN_RX1_IRQHandler
                0x0000000008001118                DMA2_Channel1_IRQHandler
                0x0000000008001118                DMA1_Channel6_IRQHandler
                0x0000000008001118                UART4_IRQHandler
                0x0000000008001118                TIM3_IRQHandler
                0x0000000008001118                RCC_IRQHandler
                0x0000000008001118                TIM1_TRG_COM_IRQHandler
                0x0000000008001118                DMA1_Channel1_IRQHandler
                0x0000000008001118                Default_Handler
                0x0000000008001118                TIM7_IRQHandler
                0x0000000008001118                TIM5_IRQHandler
                0x0000000008001118                USB_LP_CAN_RX0_IRQHandler
                0x0000000008001118                DMA1_Channel5_IRQHandler
                0x0000000008001118                DMA1_Channel3_IRQHandler
                0x0000000008001118                FSMC_IRQHandler
                0x0000000008001118                TIM1_UP_IRQHandler
                0x0000000008001118                WWDG_IRQHandler
                0x0000000008001118                TIM2_IRQHandler
                0x0000000008001118                TIM1_BRK_IRQHandler
                0x0000000008001118                RTCAlarm_IRQHandler
                0x0000000008001118                DMA2_Channel4_5_IRQHandler
                0x0000000008001118                DMA1_Channel2_IRQHandler
                0x0000000008001118                TIM8_BRK_IRQHandler
                0x0000000008001118                FLASH_IRQHandler
                0x0000000008001118                SPI3_IRQHandler
                0x0000000008001118                DMA2_Channel3_IRQHandler
 *fill*         0x000000000800111a        0x2 
 .text.__libc_init_array
                0x000000000800111c       0x48 c:/st/stm32cubeide_1.4.0/stm32cubeide/plugins/com.st.stm32cube.ide.mcu.externaltools.gnu-tools-for-stm32.7-2018-q2-update.win32_1.4.0.202007081208/tools/bin/../lib/gcc/arm-none-eabi/7.3.1/../../../../arm-none-eabi/lib/thumb/v7-m\libc_nano.a(lib_a-init.o)
                0x000000000800111c                __libc_init_array
 *(.glue_7)
 .glue_7        0x0000000008001164        0x0 linker stubs
 *(.glue_7t)
 .glue_7t       0x0000000008001164        0x0 linker stubs
 *(.eh_frame)
 .eh_frame      0x0000000008001164        0x0 c:/st/stm32cubeide_1.4.0/stm32cubeide/plugins/com.st.stm32cube.ide.mcu.externaltools.gnu-tools-for-stm32.7-2018-q2-update.win32_1.4.0.202007081208/tools/bin/../lib/gcc/arm-none-eabi/7.3.1/thumb/v7-m/crtbegin.o
 *(.init)
 .init          0x0000000008001164        0x4 c:/st/stm32cubeide_1.4.0/stm32cubeide/plugins/com.st.stm32cube.ide.mcu.externaltools.gnu-tools-for-stm32.7-2018-q2-update.win32_1.4.0.202007081208/tools/bin/../lib/gcc/arm-none-eabi/7.3.1/thumb/v7-m/crti.o
                0x0000000008001164                _init
 .init          0x0000000008001168        0x8 c:/st/stm32cubeide_1.4.0/stm32cubeide/plugins/com.st.stm32cube.ide.mcu.externaltools.gnu-tools-for-stm32.7-2018-q2-update.win32_1.4.0.202007081208/tools/bin/../lib/gcc/arm-none-eabi/7.3.1/thumb/v7-m/crtn.o
 *(.fini)
 .fini          0x0000000008001170        0x4 c:/st/stm32cubeide_1.4.0/stm32cubeide/plugins/com.st.stm32cube.ide.mcu.externaltools.gnu-tools-for-stm32.7-2018-q2-update.win32_1.4.0.202007081208/tools/bin/../lib/gcc/arm-none-eabi/7.3.1/thumb/v7-m/crti.o
                0x0000000008001170                _fini
 .fini          0x0000000008001174        0x8 c:/st/stm32cubeide_1.4.0/stm32cubeide/plugins/com.st.stm32cube.ide.mcu.externaltools.gnu-tools-for-stm32.7-2018-q2-update.win32_1.4.0.202007081208/tools/bin/../lib/gcc/arm-none-eabi/7.3.1/thumb/v7-m/crtn.o
                0x000000000800117c                . = ALIGN (0x4)
                0x000000000800117c                _etext = .

.vfp11_veneer   0x000000000800117c        0x0
 .vfp11_veneer  0x000000000800117c        0x0 linker stubs

.v4_bx          0x000000000800117c        0x0
 .v4_bx         0x000000000800117c        0x0 linker stubs

.iplt           0x000000000800117c        0x0
 .iplt          0x000000000800117c        0x0 c:/st/stm32cubeide_1.4.0/stm32cubeide/plugins/com.st.stm32cube.ide.mcu.externaltools.gnu-tools-for-stm32.7-2018-q2-update.win32_1.4.0.202007081208/tools/bin/../lib/gcc/arm-none-eabi/7.3.1/thumb/v7-m/crtbegin.o

.rodata         0x000000000800117c       0x24
                0x000000000800117c                . = ALIGN (0x4)
 *(.rodata)
 .rodata        0x000000000800117c        0x9 MY_RTOS/Scheduler.o
 *fill*         0x0000000008001185        0x3 
 .rodata        0x0000000008001188       0x16 Src/main.o
 *(.rodata*)
                0x00000000080011a0                . = ALIGN (0x4)
 *fill*         0x000000000800119e        0x2 

.rel.dyn        0x00000000080011a0        0x0
 .rel.iplt      0x00000000080011a0        0x0 c:/st/stm32cubeide_1.4.0/stm32cubeide/plugins/com.st.stm32cube.ide.mcu.externaltools.gnu-tools-for-stm32.7-2018-q2-update.win32_1.4.0.202007081208/tools/bin/../lib/gcc/arm-none-eabi/7.3.1/thumb/v7-m/crtbegin.o

.ARM.extab      0x00000000080011a0        0x0
                0x00000000080011a0                . = ALIGN (0x4)
 *(.ARM.extab* .gnu.linkonce.armextab.*)
                0x00000000080011a0                . = ALIGN (0x4)

.ARM            0x00000000080011a0        0x0
                0x00000000080011a0                . = ALIGN (0x4)
                0x00000000080011a0                __exidx_start = .
 *(.ARM.exidx*)
                0x00000000080011a0                __exidx_end = .
                0x00000000080011a0                . = ALIGN (0x4)

.preinit_array  0x00000000080011a0        0x0
                0x00000000080011a0                . = ALIGN (0x4)
                0x00000000080011a0                PROVIDE (__preinit_array_start = .)
 *(.preinit_array*)
                0x00000000080011a0                PROVIDE (__preinit_array_end = .)
                0x00000000080011a0                . = ALIGN (0x4)

.init_array     0x00000000080011a0        0x4
                0x00000000080011a0                . = ALIGN (0x4)
                0x00000000080011a0                PROVIDE (__init_array_start = .)
 *(SORT_BY_NAME(.init_array.*))
 *(.init_array*)
 .init_array    0x00000000080011a0        0x4 c:/st/stm32cubeide_1.4.0/stm32cubeide/plugins/com.st.stm32cube.ide.mcu.externaltools.gnu-tools-for-stm32.7-2018-q2-update.win32_1.4.0.202007081208/tools/bin/../lib/gcc/arm-none-eabi/7.3.1/thumb/v7-m/crtbegin.o
                0x00000000080011a4                PROVIDE (__init_array_end = .)
                0x00000000080011a4                . = ALIGN (0x4)

.fini_array     0x00000000080011a4        0x4
                0x00000000080011a4                . = ALIGN (0x4)
                [!provide]                        PROVIDE (__fini_array_start = .)
 *(SORT_BY_NAME(.fini_array.*))
 *(.fini_array*)
 .fini_array    0x00000000080011a4        0x4 c:/st/stm32cubeide_1.4.0/stm32cubeide/plugins/com.st.stm32cube.ide.mcu.externaltools.gnu-tools-for-stm32.7-2018-q2-update.win32_1.4.0.202007081208/tools/bin/../lib/gcc/arm-none-eabi/7.3.1/thumb/v7-m/crtbegin.o
                [!provide]                        PROVIDE (__fini_array_end = .)
                0x00000000080011a8                . = ALIGN (0x4)
                0x00000000080011a8                _sidata = LOADADDR (.data)

.data           0x0000000020000000        0x0 load address 0x00000000080011a8
                0x0000000020000000                . = ALIGN (0x4)
                0x0000000020000000                _sdata = .
 *(.data)
 *(.data*)
                0x0000000020000000                . = ALIGN (0x4)
                0x0000000020000000                _edata = .

.igot.plt       0x0000000020000000        0x0 load address 0x00000000080011a8
 .igot.plt      0x0000000020000000        0x0 c:/st/stm32cubeide_1.4.0/stm32cubeide/plugins/com.st.stm32cube.ide.mcu.externaltools.gnu-tools-for-stm32.7-2018-q2-update.win32_1.4.0.202007081208/tools/bin/../lib/gcc/arm-none-eabi/7.3.1/thumb/v7-m/crtbegin.o
                0x0000000020000000                . = ALIGN (0x4)

.bss            0x0000000020000000      0x51c load address 0x00000000080011a8
                0x0000000020000000                _sbss = .
                0x0000000020000000                __bss_start__ = _sbss
 *(.bss)
 .bss           0x0000000020000000       0x1c c:/st/stm32cubeide_1.4.0/stm32cubeide/plugins/com.st.stm32cube.ide.mcu.externaltools.gnu-tools-for-stm32.7-2018-q2-update.win32_1.4.0.202007081208/tools/bin/../lib/gcc/arm-none-eabi/7.3.1/thumb/v7-m/crtbegin.o
 *(.bss*)
 .bss.Global_I2C_Config
                0x000000002000001c       0x48 Inc/stm32f103x8_I2C_Drver.o
                0x000000002000001c                Global_I2C_Config
 .bss.Global_SPI_Config
                0x0000000020000064        0x8 Inc/stm32f103x8_SPI_Drver.o
                0x0000000020000064                Global_SPI_Config
 .bss.Global_UART_Config
                0x000000002000006c        0x4 Inc/stm32f103x8_USART_driver.o
                0x000000002000006c                Global_UART_Config
 *(COMMON)
 COMMON         0x0000000020000070       0x3c Inc/stm32f103x8_EXTI_driver.o
                0x0000000020000070                GP_IRQ_CallBack
 COMMON         0x00000000200000ac        0x1 MY_RTOS/CortexMX_OS_Porting.o
                0x00000000200000ac                systickled
 *fill*         0x00000000200000ad        0x3 
 COMMON         0x00000000200000b0      0x398 MY_RTOS/Scheduler.o
                0x00000000200000b0                Ready_Queue
                0x00000000200000c4                OS_Control
                0x0000000020000270                ideltaskled
                0x0000000020000274                IDLE_TASK
                0x00000000200002b8                Ready_Queue_FIFO
 COMMON         0x0000000020000448       0xd4 Src/main.o
                0x0000000020000448                task1led
                0x0000000020000449                task2led
                0x000000002000044c                task1
                0x0000000020000490                task2
                0x00000000200004d4                task3led
                0x00000000200004d8                task3
                0x000000002000051c                . = ALIGN (0x4)
                0x000000002000051c                _ebss = .
                0x000000002000051c                __bss_end__ = _ebss

._user_heap_stack
                0x000000002000051c      0x604 load address 0x00000000080011a8
                0x0000000020000520                . = ALIGN (0x8)
 *fill*         0x000000002000051c        0x4 
                [!provide]                        PROVIDE (end = .)
                0x0000000020000520                PROVIDE (_end = .)
                0x0000000020000720                . = (. + _Min_Heap_Size)
 *fill*         0x0000000020000520      0x200 
                0x0000000020000b20                . = (. + _Min_Stack_Size)
 *fill*         0x0000000020000720      0x400 
                0x0000000020000b20                . = ALIGN (0x8)
                0x0000000020000b20                _eheap = .

/DISCARD/
 libc.a(*)
 libm.a(*)
 libgcc.a(*)

.ARM.attributes
                0x0000000000000000       0x29
 *(.ARM.attributes)
 .ARM.attributes
                0x0000000000000000       0x1d c:/st/stm32cubeide_1.4.0/stm32cubeide/plugins/com.st.stm32cube.ide.mcu.externaltools.gnu-tools-for-stm32.7-2018-q2-update.win32_1.4.0.202007081208/tools/bin/../lib/gcc/arm-none-eabi/7.3.1/thumb/v7-m/crti.o
 .ARM.attributes
                0x000000000000001d       0x2d c:/st/stm32cubeide_1.4.0/stm32cubeide/plugins/com.st.stm32cube.ide.mcu.externaltools.gnu-tools-for-stm32.7-2018-q2-update.win32_1.4.0.202007081208/tools/bin/../lib/gcc/arm-none-eabi/7.3.1/thumb/v7-m/crtbegin.o
 .ARM.attributes
                0x000000000000004a       0x33 Inc/stm32f103x8_EXTI_driver.o
 .ARM.attributes
                0x000000000000007d       0x33 Inc/stm32f103x8_I2C_Drver.o
 .ARM.attributes
                0x00000000000000b0       0x33 Inc/stm32f103x8_SPI_Drver.o
 .ARM.attributes
                0x00000000000000e3       0x33 Inc/stm32f103x8_USART_driver.o
 .ARM.attributes
                0x0000000000000116       0x33 MY_RTOS/CortexMX_OS_Porting.o
 .ARM.attributes
                0x0000000000000149       0x33 MY_RTOS/MYRTOS_FIFO.o
 .ARM.attributes
                0x000000000000017c       0x33 MY_RTOS/Scheduler.o
 .ARM.attributes
                0x00000000000001af       0x33 Src/main.o
 .ARM.attributes
                0x00000000000001e2       0x21 Startup/startup_stm32f103c6tx.o
 .ARM.attributes
                0x0000000000000203       0x2d c:/st/stm32cubeide_1.4.0/stm32cubeide/plugins/com.st.stm32cube.ide.mcu.externaltools.gnu-tools-for-stm32.7-2018-q2-update.win32_1.4.0.202007081208/tools/bin/../lib/gcc/arm-none-eabi/7.3.1/../../../../arm-none-eabi/lib/thumb/v7-m\libc_nano.a(lib_a-init.o)
 .ARM.attributes
                0x0000000000000230       0x1b c:/st/stm32cubeide_1.4.0/stm32cubeide/plugins/com.st.stm32cube.ide.mcu.externaltools.gnu-tools-for-stm32.7-2018-q2-update.win32_1.4.0.202007081208/tools/bin/../lib/gcc/arm-none-eabi/7.3.1/../../../../arm-none-eabi/lib/thumb/v7-m\libc_nano.a(lib_a-strcmp.o)
 .ARM.attributes
                0x000000000000024b       0x1d c:/st/stm32cubeide_1.4.0/stm32cubeide/plugins/com.st.stm32cube.ide.mcu.externaltools.gnu-tools-for-stm32.7-2018-q2-update.win32_1.4.0.202007081208/tools/bin/../lib/gcc/arm-none-eabi/7.3.1/thumb/v7-m/crtn.o
OUTPUT(s.axf elf32-littlearm)

.debug_info     0x0000000000000000     0x6cbe
 .debug_info    0x0000000000000000      0xdbf Inc/stm32f103x8_EXTI_driver.o
 .debug_info    0x0000000000000dbf     0x1338 Inc/stm32f103x8_I2C_Drver.o
 .debug_info    0x00000000000020f7      0xf2c Inc/stm32f103x8_SPI_Drver.o
 .debug_info    0x0000000000003023      0xe23 Inc/stm32f103x8_USART_driver.o
 .debug_info    0x0000000000003e46      0x62d MY_RTOS/CortexMX_OS_Porting.o
 .debug_info    0x0000000000004473      0xca0 MY_RTOS/MYRTOS_FIFO.o
 .debug_info    0x0000000000005113      0xf78 MY_RTOS/Scheduler.o
 .debug_info    0x000000000000608b      0xc11 Src/main.o
 .debug_info    0x0000000000006c9c       0x22 Startup/startup_stm32f103c6tx.o

.debug_abbrev   0x0000000000000000     0x11d2
 .debug_abbrev  0x0000000000000000      0x210 Inc/stm32f103x8_EXTI_driver.o
 .debug_abbrev  0x0000000000000210      0x2b3 Inc/stm32f103x8_I2C_Drver.o
 .debug_abbrev  0x00000000000004c3      0x226 Inc/stm32f103x8_SPI_Drver.o
 .debug_abbrev  0x00000000000006e9      0x23f Inc/stm32f103x8_USART_driver.o
 .debug_abbrev  0x0000000000000928      0x1c9 MY_RTOS/CortexMX_OS_Porting.o
 .debug_abbrev  0x0000000000000af1      0x1cf MY_RTOS/MYRTOS_FIFO.o
 .debug_abbrev  0x0000000000000cc0      0x328 MY_RTOS/Scheduler.o
 .debug_abbrev  0x0000000000000fe8      0x1d8 Src/main.o
 .debug_abbrev  0x00000000000011c0       0x12 Startup/startup_stm32f103c6tx.o

.debug_loc      0x0000000000000000     0x1664
 .debug_loc     0x0000000000000000      0x320 Inc/stm32f103x8_EXTI_driver.o
 .debug_loc     0x0000000000000320      0x580 Inc/stm32f103x8_I2C_Drver.o
 .debug_loc     0x00000000000008a0      0x2bc Inc/stm32f103x8_SPI_Drver.o
 .debug_loc     0x0000000000000b5c      0x294 Inc/stm32f103x8_USART_driver.o
 .debug_loc     0x0000000000000df0      0x224 MY_RTOS/CortexMX_OS_Porting.o
 .debug_loc     0x0000000000001014      0x1cc MY_RTOS/MYRTOS_FIFO.o
 .debug_loc     0x00000000000011e0      0x3c8 MY_RTOS/Scheduler.o
 .debug_loc     0x00000000000015a8       0xbc Src/main.o

.debug_aranges  0x0000000000000000      0x370
 .debug_aranges
                0x0000000000000000       0x80 Inc/stm32f103x8_EXTI_driver.o
 .debug_aranges
                0x0000000000000080       0xa0 Inc/stm32f103x8_I2C_Drver.o
 .debug_aranges
                0x0000000000000120       0x58 Inc/stm32f103x8_SPI_Drver.o
 .debug_aranges
                0x0000000000000178       0x60 Inc/stm32f103x8_USART_driver.o
 .debug_aranges
                0x00000000000001d8       0x70 MY_RTOS/CortexMX_OS_Porting.o
 .debug_aranges
                0x0000000000000248       0x40 MY_RTOS/MYRTOS_FIFO.o
 .debug_aranges
                0x0000000000000288       0x88 MY_RTOS/Scheduler.o
 .debug_aranges
                0x0000000000000310       0x38 Src/main.o
 .debug_aranges
                0x0000000000000348       0x28 Startup/startup_stm32f103c6tx.o

.debug_ranges   0x0000000000000000      0x2e8
 .debug_ranges  0x0000000000000000       0x70 Inc/stm32f103x8_EXTI_driver.o
 .debug_ranges  0x0000000000000070       0x90 Inc/stm32f103x8_I2C_Drver.o
 .debug_ranges  0x0000000000000100       0x48 Inc/stm32f103x8_SPI_Drver.o
 .debug_ranges  0x0000000000000148       0x50 Inc/stm32f103x8_USART_driver.o
 .debug_ranges  0x0000000000000198       0x60 MY_RTOS/CortexMX_OS_Porting.o
 .debug_ranges  0x00000000000001f8       0x30 MY_RTOS/MYRTOS_FIFO.o
 .debug_ranges  0x0000000000000228       0x78 MY_RTOS/Scheduler.o
 .debug_ranges  0x00000000000002a0       0x28 Src/main.o
 .debug_ranges  0x00000000000002c8       0x20 Startup/startup_stm32f103c6tx.o

.debug_macro    0x0000000000000000     0x5625
 .debug_macro   0x0000000000000000      0x14e Inc/stm32f103x8_EXTI_driver.o
 .debug_macro   0x000000000000014e      0xa60 Inc/stm32f103x8_EXTI_driver.o
 .debug_macro   0x0000000000000bae       0x18 Inc/stm32f103x8_EXTI_driver.o
 .debug_macro   0x0000000000000bc6       0x22 Inc/stm32f103x8_EXTI_driver.o
 .debug_macro   0x0000000000000be8       0x40 Inc/stm32f103x8_EXTI_driver.o
 .debug_macro   0x0000000000000c28       0x94 Inc/stm32f103x8_EXTI_driver.o
 .debug_macro   0x0000000000000cbc       0x3c Inc/stm32f103x8_EXTI_driver.o
 .debug_macro   0x0000000000000cf8       0x34 Inc/stm32f103x8_EXTI_driver.o
 .debug_macro   0x0000000000000d2c       0x16 Inc/stm32f103x8_EXTI_driver.o
 .debug_macro   0x0000000000000d42      0x10e Inc/stm32f103x8_EXTI_driver.o
 .debug_macro   0x0000000000000e50       0x8d Inc/stm32f103x8_EXTI_driver.o
 .debug_macro   0x0000000000000edd       0x57 Inc/stm32f103x8_EXTI_driver.o
 .debug_macro   0x0000000000000f34       0x52 Inc/stm32f103x8_EXTI_driver.o
 .debug_macro   0x0000000000000f86       0x1f Inc/stm32f103x8_EXTI_driver.o
 .debug_macro   0x0000000000000fa5       0x43 Inc/stm32f103x8_EXTI_driver.o
 .debug_macro   0x0000000000000fe8       0x20 Inc/stm32f103x8_EXTI_driver.o
 .debug_macro   0x0000000000001008      0x1a3 Inc/stm32f103x8_EXTI_driver.o
 .debug_macro   0x00000000000011ab      0x330 Inc/stm32f103x8_EXTI_driver.o
 .debug_macro   0x00000000000014db       0x16 Inc/stm32f103x8_EXTI_driver.o
 .debug_macro   0x00000000000014f1       0x29 Inc/stm32f103x8_EXTI_driver.o
 .debug_macro   0x000000000000151a       0xef Inc/stm32f103x8_EXTI_driver.o
 .debug_macro   0x0000000000001609       0x6a Inc/stm32f103x8_EXTI_driver.o
 .debug_macro   0x0000000000001673      0x1df Inc/stm32f103x8_EXTI_driver.o
 .debug_macro   0x0000000000001852      0x6b8 Inc/stm32f103x8_EXTI_driver.o
 .debug_macro   0x0000000000001f0a       0xd6 Inc/stm32f103x8_EXTI_driver.o
 .debug_macro   0x0000000000001fe0      0x228 Inc/stm32f103x8_EXTI_driver.o
 .debug_macro   0x0000000000002208      0x15d Inc/stm32f103x8_I2C_Drver.o
 .debug_macro   0x0000000000002365       0x16 Inc/stm32f103x8_I2C_Drver.o
 .debug_macro   0x000000000000237b       0x61 Inc/stm32f103x8_I2C_Drver.o
 .debug_macro   0x00000000000023dc      0x16b Inc/stm32f103x8_SPI_Drver.o
 .debug_macro   0x0000000000002547       0xc5 Inc/stm32f103x8_SPI_Drver.o
 .debug_macro   0x000000000000260c      0x151 Inc/stm32f103x8_USART_driver.o
 .debug_macro   0x000000000000275d       0xe8 Inc/stm32f103x8_USART_driver.o
 .debug_macro   0x0000000000002845       0xbd MY_RTOS/CortexMX_OS_Porting.o
 .debug_macro   0x0000000000002902       0x28 MY_RTOS/CortexMX_OS_Porting.o
 .debug_macro   0x000000000000292a       0x8e MY_RTOS/CortexMX_OS_Porting.o
 .debug_macro   0x00000000000029b8       0x51 MY_RTOS/CortexMX_OS_Porting.o
 .debug_macro   0x0000000000002a09       0x1c MY_RTOS/CortexMX_OS_Porting.o
 .debug_macro   0x0000000000002a25       0x22 MY_RTOS/CortexMX_OS_Porting.o
 .debug_macro   0x0000000000002a47       0xe5 MY_RTOS/CortexMX_OS_Porting.o
 .debug_macro   0x0000000000002b2c      0xe3c MY_RTOS/CortexMX_OS_Porting.o
 .debug_macro   0x0000000000003968       0x2e MY_RTOS/CortexMX_OS_Porting.o
 .debug_macro   0x0000000000003996      0x22c MY_RTOS/MYRTOS_FIFO.o
 .debug_macro   0x0000000000003bc2       0x16 MY_RTOS/MYRTOS_FIFO.o
 .debug_macro   0x0000000000003bd8       0x97 MY_RTOS/MYRTOS_FIFO.o
 .debug_macro   0x0000000000003c6f       0xfd MY_RTOS/MYRTOS_FIFO.o
 .debug_macro   0x0000000000003d6c       0x10 MY_RTOS/MYRTOS_FIFO.o
 .debug_macro   0x0000000000003d7c       0x10 MY_RTOS/MYRTOS_FIFO.o
 .debug_macro   0x0000000000003d8c       0x1c MY_RTOS/MYRTOS_FIFO.o
 .debug_macro   0x0000000000003da8       0x52 MY_RTOS/MYRTOS_FIFO.o
 .debug_macro   0x0000000000003dfa       0x40 MY_RTOS/MYRTOS_FIFO.o
 .debug_macro   0x0000000000003e3a       0x10 MY_RTOS/MYRTOS_FIFO.o
 .debug_macro   0x0000000000003e4a       0x40 MY_RTOS/MYRTOS_FIFO.o
 .debug_macro   0x0000000000003e8a       0xd7 MY_RTOS/MYRTOS_FIFO.o
 .debug_macro   0x0000000000003f61       0x1c MY_RTOS/MYRTOS_FIFO.o
 .debug_macro   0x0000000000003f7d       0x3d MY_RTOS/MYRTOS_FIFO.o
 .debug_macro   0x0000000000003fba       0x16 MY_RTOS/MYRTOS_FIFO.o
 .debug_macro   0x0000000000003fd0      0x145 MY_RTOS/MYRTOS_FIFO.o
 .debug_macro   0x0000000000004115       0xdf MY_RTOS/MYRTOS_FIFO.o
 .debug_macro   0x00000000000041f4      0x236 MY_RTOS/Scheduler.o
 .debug_macro   0x000000000000442a       0x46 MY_RTOS/Scheduler.o
 .debug_macro   0x0000000000004470      0x32a MY_RTOS/Scheduler.o
 .debug_macro   0x000000000000479a      0x302 Src/main.o
 .debug_macro   0x0000000000004a9c       0x1c Src/main.o
 .debug_macro   0x0000000000004ab8       0x35 Src/main.o
 .debug_macro   0x0000000000004aed       0x16 Src/main.o
 .debug_macro   0x0000000000004b03       0x20 Src/main.o
 .debug_macro   0x0000000000004b23      0x6be Src/main.o
 .debug_macro   0x00000000000051e1       0x10 Src/main.o
 .debug_macro   0x00000000000051f1       0x94 Src/main.o
 .debug_macro   0x0000000000005285       0x40 Src/main.o
 .debug_macro   0x00000000000052c5      0x22e Src/main.o
 .debug_macro   0x00000000000054f3       0xcb Src/main.o
 .debug_macro   0x00000000000055be       0x67 Src/main.o

.debug_line     0x0000000000000000     0x38b7
 .debug_line    0x0000000000000000      0x6db Inc/stm32f103x8_EXTI_driver.o
 .debug_line    0x00000000000006db      0x7c9 Inc/stm32f103x8_I2C_Drver.o
 .debug_line    0x0000000000000ea4      0x68b Inc/stm32f103x8_SPI_Drver.o
 .debug_line    0x000000000000152f      0x65c Inc/stm32f103x8_USART_driver.o
 .debug_line    0x0000000000001b8b      0x557 MY_RTOS/CortexMX_OS_Porting.o
 .debug_line    0x00000000000020e2      0x6fd MY_RTOS/MYRTOS_FIFO.o
 .debug_line    0x00000000000027df      0x85a MY_RTOS/Scheduler.o
 .debug_line    0x0000000000003039      0x7fa Src/main.o
 .debug_line    0x0000000000003833       0x84 Startup/startup_stm32f103c6tx.o

.debug_str      0x0000000000000000    0x13815
 .debug_str     0x0000000000000000     0xaa29 Inc/stm32f103x8_EXTI_driver.o
                                       0xaca5 (size before relaxing)
 .debug_str     0x000000000000aa29      0x71c Inc/stm32f103x8_I2C_Drver.o
                                       0x9e63 (size before relaxing)
 .debug_str     0x000000000000b145      0x7bd Inc/stm32f103x8_SPI_Drver.o
                                       0x9f73 (size before relaxing)
 .debug_str     0x000000000000b902      0x792 Inc/stm32f103x8_USART_driver.o
                                       0x9f71 (size before relaxing)
 .debug_str     0x000000000000c094     0x5d83 MY_RTOS/CortexMX_OS_Porting.o
                                       0x999e (size before relaxing)
 .debug_str     0x0000000000011e17     0x1368 MY_RTOS/MYRTOS_FIFO.o
                                       0xdc48 (size before relaxing)
 .debug_str     0x000000000001317f      0x26e MY_RTOS/Scheduler.o
                                       0xde5c (size before relaxing)
 .debug_str     0x00000000000133ed      0x3f7 Src/main.o
                                      0x1290c (size before relaxing)
 .debug_str     0x00000000000137e4       0x31 Startup/startup_stm32f103c6tx.o
                                         0x66 (size before relaxing)

.comment        0x0000000000000000       0x7b
 .comment       0x0000000000000000       0x7b Inc/stm32f103x8_EXTI_driver.o
                                         0x7c (size before relaxing)
 .comment       0x000000000000007b       0x7c Inc/stm32f103x8_I2C_Drver.o
 .comment       0x000000000000007b       0x7c Inc/stm32f103x8_SPI_Drver.o
 .comment       0x000000000000007b       0x7c Inc/stm32f103x8_USART_driver.o
 .comment       0x000000000000007b       0x7c MY_RTOS/CortexMX_OS_Porting.o
 .comment       0x000000000000007b       0x7c MY_RTOS/MYRTOS_FIFO.o
 .comment       0x000000000000007b       0x7c MY_RTOS/Scheduler.o
 .comment       0x000000000000007b       0x7c Src/main.o

.debug_frame    0x0000000000000000      0xb8c
 .debug_frame   0x0000000000000000      0x1b0 Inc/stm32f103x8_EXTI_driver.o
 .debug_frame   0x00000000000001b0      0x288 Inc/stm32f103x8_I2C_Drver.o
 .debug_frame   0x0000000000000438      0x148 Inc/stm32f103x8_SPI_Drver.o
 .debug_frame   0x0000000000000580      0x14c Inc/stm32f103x8_USART_driver.o
 .debug_frame   0x00000000000006cc      0x140 MY_RTOS/CortexMX_OS_Porting.o
 .debug_frame   0x000000000000080c       0xd8 MY_RTOS/MYRTOS_FIFO.o
 .debug_frame   0x00000000000008e4      0x1e4 MY_RTOS/Scheduler.o
 .debug_frame   0x0000000000000ac8       0x78 Src/main.o
 .debug_frame   0x0000000000000b40       0x2c c:/st/stm32cubeide_1.4.0/stm32cubeide/plugins/com.st.stm32cube.ide.mcu.externaltools.gnu-tools-for-stm32.7-2018-q2-update.win32_1.4.0.202007081208/tools/bin/../lib/gcc/arm-none-eabi/7.3.1/../../../../arm-none-eabi/lib/thumb/v7-m\libc_nano.a(lib_a-init.o)
 .debug_frame   0x0000000000000b6c       0x20 c:/st/stm32cubeide_1.4.0/stm32cubeide/plugins/com.st.stm32cube.ide.mcu.externaltools.gnu-tools-for-stm32.7-2018-q2-update.win32_1.4.0.202007081208/tools/bin/../lib/gcc/arm-none-eabi/7.3.1/../../../../arm-none-eabi/lib/thumb/v7-m\libc_nano.a(lib_a-strcmp.o)
