Scheduler.c:43:28:PendSV_Handler	0	static,ignoring_inline_asm
Scheduler.c:113:6:MYRTOS_Create_MainStack	4	static
Scheduler.c:122:6:IDLE_Task	4	static,ignoring_inline_asm
Scheduler.c:133:17:MYRTOS_init	16	static
Scheduler.c:159:6:MYRTOS_Create_stackoftask	24	static
Scheduler.c:194:17:MYRTOS_Create_Task	24	static
Scheduler.c:230:6:bubbleSort	24	static
Scheduler.c:247:6:MYRTOS_Updata_schad_table	24	static
Scheduler.c:294:6:decide_whatnext	8	static
Scheduler.c:316:6:OS_SVC_Service	24	static
Scheduler.c:349:6:MYRTOS_OS_SVC_Set	16	static,ignoring_inline_asm
Scheduler.c:366:6:MYRTOS_Activate_Task	16	static
Scheduler.c:371:6:MYRTOS_Terminate_Task	16	static
Scheduler.c:378:6:MYRTOS_TaskWait	16	static
Scheduler.c:388:6:MYRTOS_StartOS	8	static,ignoring_inline_asm
Scheduler.c:408:6:MYRTOS_Updata_Waitingtime	16	static
Scheduler.c:431:17:MYRTOS_AquireMutex	16	static
Scheduler.c:453:6:MYRTOS_ReleaseMutex	16	static
