
Memory Configuration

Name             Origin             Length             Attributes
flash            0x0000000000000000 0x0000000020000000 xr
sram             0x0000000020000000 0x0000000020000000 xrw
*default*        0x0000000000000000 0xffffffffffffffff

Linker script and memory map


.text           0x0000000000000000      0x1dc
 *(.vectors*)
 .vectors       0x0000000000000000       0x14 startup.o
                0x0000000000000000                g_vector
 *(.text*)
 .text          0x0000000000000014       0xc4 driver.o
                0x0000000000000014                Delay
                0x0000000000000034                getPressureVal
                0x000000000000004c                Set_Alarm_actuator
                0x0000000000000088                GPIO_INITIALIZATION
 .text          0x00000000000000d8       0x40 main.o
                0x00000000000000d8                main
 .text          0x0000000000000118       0x1c p_alarm.o
                0x0000000000000118                alarm_tern_on
                0x0000000000000126                alarm_tern_off
 .text          0x0000000000000134       0x16 p_sensor.o
                0x0000000000000134                read_sensor
 *fill*         0x000000000000014a        0x2 
 .text          0x000000000000014c       0x90 startup.o
                0x000000000000014c                reset_handler
                0x00000000000001d0                bus_fault
                0x00000000000001d0                default_handler
                0x00000000000001d0                nmi_handler
                0x00000000000001d0                h_fault_handler
                0x00000000000001dc                _E_text = .

.glue_7         0x00000000000001dc        0x0
 .glue_7        0x00000000000001dc        0x0 linker stubs

.glue_7t        0x00000000000001dc        0x0
 .glue_7t       0x00000000000001dc        0x0 linker stubs

.vfp11_veneer   0x00000000000001dc        0x0
 .vfp11_veneer  0x00000000000001dc        0x0 linker stubs

.v4_bx          0x00000000000001dc        0x0
 .v4_bx         0x00000000000001dc        0x0 linker stubs

.iplt           0x00000000000001dc        0x0
 .iplt          0x00000000000001dc        0x0 driver.o

.rel.dyn        0x00000000000001dc        0x0
 .rel.iplt      0x00000000000001dc        0x0 driver.o

.data           0x0000000020000000        0x0 load address 0x00000000000001dc
                0x0000000020000000                _S_data = .
 *(.data*)
 .data          0x0000000020000000        0x0 driver.o
 .data          0x0000000020000000        0x0 main.o
 .data          0x0000000020000000        0x0 p_alarm.o
 .data          0x0000000020000000        0x0 p_sensor.o
 .data          0x0000000020000000        0x0 startup.o
                0x0000000020000000                _E_data = .

.igot.plt       0x0000000020000000        0x0 load address 0x00000000000001dc
 .igot.plt      0x0000000020000000        0x0 driver.o

.bss            0x0000000020000000      0x400 load address 0x00000000000001dc
                0x0000000020000000                _S_bss = .
 *(.bss*)
 .bss           0x0000000020000000        0x0 driver.o
 .bss           0x0000000020000000        0x0 main.o
 .bss           0x0000000020000000        0x0 p_alarm.o
 .bss           0x0000000020000000        0x0 p_sensor.o
 .bss           0x0000000020000000      0x400 startup.o
                0x0000000020000400                _E_bss = .
                0x0000000020001400                _stack_top = (. + 0x1000)
LOAD driver.o
LOAD main.o
LOAD p_alarm.o
LOAD p_sensor.o
LOAD startup.o
OUTPUT(projec_1.elf elf32-littlearm)

.debug_info     0x0000000000000000     0x2882
 .debug_info    0x0000000000000000      0xa05 driver.o
 .debug_info    0x0000000000000a05      0x9ab main.o
 .debug_info    0x00000000000013b0      0x99f p_alarm.o
 .debug_info    0x0000000000001d4f      0x99d p_sensor.o
 .debug_info    0x00000000000026ec      0x196 startup.o

.debug_abbrev   0x0000000000000000      0x735
 .debug_abbrev  0x0000000000000000      0x1de driver.o
 .debug_abbrev  0x00000000000001de      0x187 main.o
 .debug_abbrev  0x0000000000000365      0x176 p_alarm.o
 .debug_abbrev  0x00000000000004db      0x187 p_sensor.o
 .debug_abbrev  0x0000000000000662       0xd3 startup.o

.debug_loc      0x0000000000000000      0x29c
 .debug_loc     0x0000000000000000      0x140 driver.o
 .debug_loc     0x0000000000000140       0x38 main.o
 .debug_loc     0x0000000000000178       0x58 p_alarm.o
 .debug_loc     0x00000000000001d0       0x50 p_sensor.o
 .debug_loc     0x0000000000000220       0x7c startup.o

.debug_aranges  0x0000000000000000       0xa0
 .debug_aranges
                0x0000000000000000       0x20 driver.o
 .debug_aranges
                0x0000000000000020       0x20 main.o
 .debug_aranges
                0x0000000000000040       0x20 p_alarm.o
 .debug_aranges
                0x0000000000000060       0x20 p_sensor.o
 .debug_aranges
                0x0000000000000080       0x20 startup.o

.debug_line     0x0000000000000000      0xa4d
 .debug_line    0x0000000000000000      0x2ca driver.o
 .debug_line    0x00000000000002ca      0x1e0 main.o
 .debug_line    0x00000000000004aa      0x1d9 p_alarm.o
 .debug_line    0x0000000000000683      0x1d8 p_sensor.o
 .debug_line    0x000000000000085b      0x1f2 startup.o

.debug_str      0x0000000000000000      0x5c4
 .debug_str     0x0000000000000000      0x4ea driver.o
                                        0x557 (size before relaxing)
 .debug_str     0x00000000000004ea       0x1c main.o
                                        0x513 (size before relaxing)
 .debug_str     0x0000000000000506       0x27 p_alarm.o
                                        0x51e (size before relaxing)
 .debug_str     0x000000000000052d       0x17 p_sensor.o
                                        0x514 (size before relaxing)
 .debug_str     0x0000000000000544       0x80 startup.o
                                        0x19e (size before relaxing)

.comment        0x0000000000000000       0x7b
 .comment       0x0000000000000000       0x7b driver.o
                                         0x7c (size before relaxing)
 .comment       0x000000000000007b       0x7c main.o
 .comment       0x000000000000007b       0x7c p_alarm.o
 .comment       0x000000000000007b       0x7c p_sensor.o
 .comment       0x000000000000007b       0x7c startup.o

.ARM.attributes
                0x0000000000000000       0x33
 .ARM.attributes
                0x0000000000000000       0x33 driver.o
 .ARM.attributes
                0x0000000000000033       0x33 main.o
 .ARM.attributes
                0x0000000000000066       0x33 p_alarm.o
 .ARM.attributes
                0x0000000000000099       0x33 p_sensor.o
 .ARM.attributes
                0x00000000000000cc       0x33 startup.o

.debug_frame    0x0000000000000000      0x19c
 .debug_frame   0x0000000000000000       0xa0 driver.o
 .debug_frame   0x00000000000000a0       0x30 main.o
 .debug_frame   0x00000000000000d0       0x48 p_alarm.o
 .debug_frame   0x0000000000000118       0x34 p_sensor.o
 .debug_frame   0x000000000000014c       0x50 startup.o
