core_cm3.h:1640:22:__NVIC_SetPriority	16	static
core_cm3.h:1838:26:SysTick_Config	16	static
CortexMX_OS_Porting.c:14:7:HardFault_Handler	4	static
CortexMX_OS_Porting.c:18:6:MemManage_Handler	4	static
CortexMX_OS_Porting.c:22:6:BusFault_Handler	4	static
CortexMX_OS_Porting.c:26:6:UsageFault_Handler	4	static
CortexMX_OS_Porting.c:32:27:SVC_Handler	0	static,ignoring_inline_asm
CortexMX_OS_Porting.c:42:6:hw_init	8	static
CortexMX_OS_Porting.c:57:6:trigger_os_pendsv	4	static
CortexMX_OS_Porting.c:63:6:Start_Ticker	8	static
CortexMX_OS_Porting.c:75:6:SysTick_Handler	8	static
